\BOOKMARK [1][-]{section.0.1}{\376\377\000H\000o\000m\000e}{}% 1
\BOOKMARK [2][-]{subsection.0.1.1}{\376\377\000V\000\344\000l\000k\000o\000m\000m\000e\000n}{section.0.1}% 2
\BOOKMARK [1][-]{section.0.2}{\376\377\000J\000a\000v\000a}{}% 3
\BOOKMARK [2][-]{subsection.0.2.1}{\376\377\000I\000n\000t\000r\000o\000d\000u\000k\000t\000i\000o\000n}{section.0.2}% 4
\BOOKMARK [1][-]{section.0.3}{\376\377\000S\000k\000o\000l\000a\000n}{}% 5
\BOOKMARK [2][-]{subsection.0.3.1}{\376\377\000H\000\344\000r\000\040\000\344\000r\000\040\000s\000k\000o\000l\000a\000n\000s\000\040\000w\000e\000b\000b\000p\000l\000a\000t\000s\000e\000r}{section.0.3}% 6
\BOOKMARK [1][-]{section.0.4}{\376\377\000S\000k\000o\000l\000p\000o\000r\000t\000a\000l\000e\000n}{}% 7
\BOOKMARK [1][-]{section.0.5}{\376\377\000G\000o\000o\000g\000l\000e\000\040\000C\000l\000a\000s\000s\000r\000o\000o\000m}{}% 8
\BOOKMARK [1][-]{section.0.6}{\376\377\000G\000o\000o\000g\000l\000e\000\040\000C\000a\000l\000e\000n\000d\000a\000r}{}% 9
\BOOKMARK [1][-]{section.0.7}{\376\377\000G\000o\000o\000g\000l\000e\000\040\000D\000o\000c\000u\000m\000e\000n\000t\000s}{}% 10
\BOOKMARK [1][-]{section.0.8}{\376\377\000D\000i\000s\000c\000o\000r\000d}{}% 11
\BOOKMARK [1][-]{section.0.9}{\376\377\000I\000n\000f\000o}{}% 12
\BOOKMARK [1][-]{section.0.10}{\376\377\000V\000e\000r\000s\000i\000o\000n\000s\000h\000i\000s\000t\000o\000r\000i\000k}{}% 13
\BOOKMARK [1][-]{section.0.11}{\376\377\000O\000m\000\040\000s\000i\000d\000a\000n}{}% 14
\BOOKMARK [1][-]{section.0.12}{\376\377\000L\000i\000c\000e\000n\000s\000\040\000f\000\366\000r\000\040\000m\000a\000t\000e\000r\000i\000a\000l\000e\000t\000\040\000p\000\345\000\040\000d\000e\000n\000n\000a\000\040\000w\000e\000b\000b\000s\000i\000d\000a}{}% 15
\BOOKMARK [2][-]{subsection.0.12.1}{\376\377\000S\000a\000m\000m\000a\000n\000f\000a\000t\000t\000n\000i\000n\000g}{section.0.12}% 16
\BOOKMARK [2][-]{subsection.0.12.2}{\376\377\000E\000n\000k\000e\000l\000t\000\040\000f\000\366\000r\000k\000l\000a\000r\000a\000t}{section.0.12}% 17
\BOOKMARK [1][-]{section.0.13}{\376\377\000M\000I\000T\000-\000l\000i\000c\000e\000n\000s\000\040\000f\000\366\000r\000\040\000J\000u\000s\000t\000\040\000t\000h\000e\000\040\000d\000o\000c\000s}{}% 18
\BOOKMARK [1][-]{section.0.14}{\376\377\000V\000e\000r\000k\000t\000y\000g}{}% 19
\BOOKMARK [2][-]{subsection.0.14.1}{\376\377\0001\000.\000\040\000I\000D\000E\000\040\000\050\000I\000n\000t\000e\000g\000r\000a\000t\000e\000d\000\040\000D\000e\000v\000e\000l\000o\000p\000m\000e\000n\000t\000\040\000E\000n\000v\000i\000r\000o\000n\000m\000e\000n\000t\000\051}{section.0.14}% 20
\BOOKMARK [2][-]{subsection.0.14.2}{\376\377\0002\000.\000\040\000B\000y\000g\000g\000v\000e\000r\000k\000t\000y\000g}{section.0.14}% 21
\BOOKMARK [2][-]{subsection.0.14.3}{\376\377\0003\000.\000\040\000V\000e\000r\000s\000i\000o\000n\000s\000h\000a\000n\000t\000e\000r\000i\000n\000g\000s\000s\000y\000s\000t\000e\000m}{section.0.14}% 22
\BOOKMARK [2][-]{subsection.0.14.4}{\376\377\0004\000.\000\040\000E\000n\000h\000e\000t\000s\000t\000e\000s\000t\000n\000i\000n\000g\000s\000r\000a\000m\000v\000e\000r\000k}{section.0.14}% 23
\BOOKMARK [2][-]{subsection.0.14.5}{\376\377\0005\000.\000\040\000F\000e\000l\000s\000\366\000k\000n\000i\000n\000g\000\040\000o\000c\000h\000\040\000p\000r\000o\000f\000i\000l\000e\000r\000i\000n\000g\000s\000v\000e\000r\000k\000t\000y\000g}{section.0.14}% 24
